Below is a list of files we were unable to include in this backup. These files
are not missing, but were not available in our file-store cloud at the time the
tarball was made or are not backed up because they can be generated. In almost
all cases these will be resolved the next time you generate a backup or export.

/styles/portfolio_4_cols/public/B14_0.jpg: Generated files are not backed up
/styles/portfolio-1-column/public/B32.jpg: Generated files are not backed up
/styles/blog_list/public/B29.jpg: Generated files are not backed up
/styles/portfolio_4_cols/public/B32.jpg: Generated files are not backed up
/styles/portfolio_detail/public/B19.jpg: Generated files are not backed up
/styles/portfolio-1-column/public/B14_0.jpg: Generated files are not backed up
/styles/client_7_cols/public/Logo02.png: Generated files are not backed up
/styles/portfolio-1-column/public/B07.jpg: Generated files are not backed up
/styles/blog_3_cols/public/B41.jpg: Generated files are not backed up
/styles/portfolio-1-column/public/B12.jpg: Generated files are not backed up
/styles/client_7_cols/public/Logo05.png: Generated files are not backed up
/styles/blog_list/public/B10.jpg: Generated files are not backed up
/styles/portfolio_4_cols/public/B23.jpg: Generated files are not backed up
/styles/thumbnail/public/Logo06.png: Generated files are not backed up
/styles/portfolio_4_cols/public/B05.jpg: Generated files are not backed up
/styles/portfolio-1-column/public/B23.jpg: Generated files are not backed up
/styles/portfolio-1-column/public/B13.jpg: Generated files are not backed up
/styles/portfolio_detail/public/B13.jpg: Generated files are not backed up
/styles/thumbnail/public/feature-_0.jpg: Generated files are not backed up
/styles/portfolio_detail/public/B21.jpg: Generated files are not backed up
/styles/blog_sidebar/public/B41.jpg: Generated files are not backed up
/styles/blog_sidebar/public/B02.jpg: Generated files are not backed up
/styles/blog_list/public/B02.jpg: Generated files are not backed up
/styles/portfolio_detail/public/B32.jpg: Generated files are not backed up
/styles/client_7_cols/public/Logo03.png: Generated files are not backed up
/styles/portfolio-1-column/public/B05.jpg: Generated files are not backed up
/styles/blog_sidebar/public/B08.jpg: Generated files are not backed up
/styles/portfolio_detail/public/B06.jpg: Generated files are not backed up
/styles/blog_list/public/B03.jpg: Generated files are not backed up
/styles/portfolio_4_cols/public/B04.jpg: Generated files are not backed up
/styles/blog_sidebar/public/B01.jpg: Generated files are not backed up
/styles/portfolio_4_cols/public/B11.jpg: Generated files are not backed up
/styles/background_feature/public/feature-12.jpg: Generated files are not backed up
/styles/slideshow/public/11_0.png: Generated files are not backed up
/styles/thumbnail/public/Logo05.png: Generated files are not backed up
/styles/portfolio_4_cols/public/B12.jpg: Generated files are not backed up
/styles/blog_3_cols/public/B18.jpg: Generated files are not backed up
/styles/portfolio_4_cols/public/B19.jpg: Generated files are not backed up
/styles/slideshow/public/22.png: Generated files are not backed up
/styles/portfolio_4_cols/public/B06.jpg: Generated files are not backed up
/styles/client_7_cols/public/Logo01.png: Generated files are not backed up
/styles/portfolio_detail/public/B23.jpg: Generated files are not backed up
/styles/client_7_cols/public/Logo06.png: Generated files are not backed up
/styles/client_7_cols/public/Logo07.png: Generated files are not backed up
/styles/portfolio-1-column/public/B21.jpg: Generated files are not backed up
/styles/blog_list/public/B01.jpg: Generated files are not backed up
/styles/portfolio-1-column/public/B04.jpg: Generated files are not backed up
/styles/blog_sidebar/public/modules/image/sample.png: Generated files are not backed up
/js/wysiwyg/wysiwyg_ckeditor_N1Gpv897V8FQ8KrF6gKvS9Pu-syLPVzS4mJYPwR8OYI.js: Generated files are not backed up
/styles/thumbnail/public/Logo07.png: Generated files are not backed up
/styles/portfolio_4_cols/public/B16.jpg: Generated files are not backed up
/styles/thumbnail/public/Logo03.png: Generated files are not backed up
/styles/thumbnail/public/Logo01.png: Generated files are not backed up
/styles/portfolio-1-column/public/B15.jpg: Generated files are not backed up
/styles/portfolio_4_cols/public/B21.jpg: Generated files are not backed up
/styles/blog_list/public/B41.jpg: Generated files are not backed up
/styles/portfolio_4_cols/public/B13.jpg: Generated files are not backed up
/styles/background_feature/public/feature-_0.jpg: Generated files are not backed up
/styles/blog_list/public/B08.jpg: Generated files are not backed up
/styles/portfolio_detail/public/B16.jpg: Generated files are not backed up
/styles/portfolio-1-column/public/B16.jpg: Generated files are not backed up
/styles/portfolio_detail/public/B15.jpg: Generated files are not backed up
/styles/portfolio_detail/public/B14_0.jpg: Generated files are not backed up
/styles/portfolio-1-column/public/B19.jpg: Generated files are not backed up
/styles/slideshow/public/33.png: Generated files are not backed up
/styles/portfolio_4_cols/public/B15.jpg: Generated files are not backed up
/styles/thumbnail/public/feature-12.jpg: Generated files are not backed up
/styles/blog_list/public/B09.jpg: Generated files are not backed up
/styles/blog_3_cols/public/B29.jpg: Generated files are not backed up
/styles/portfolio_4_cols/public/B07.jpg: Generated files are not backed up
/styles/thumbnail/public/Logo02.png: Generated files are not backed up
/styles/blog_list/public/B18.jpg: Generated files are not backed up

If you need immediate access to the files listed here, or have questions about
the state of your files, you can contact support via your Dashboard.

